// Jest Snapshot v1, https://goo.gl/fbAQLP

exports[`<FormInput /> should render and match the snapshot 1`] = `
<label
  data-testid="label"
/>
`;
